Hello, Johanna!

How's the weather in Johannesburg?

I have a bag of fruit.  It contains:
1 apple, 
5 kiwis, and
3 oranges.

